Archive member included to satisfy reference by file (symbol)

/usr/lib/gcc/arm-none-eabi/4.9.3/../../../arm-none-eabi/lib/armv7-m/libc.a(lib_a-atexit.o)
                              /usr/lib/gcc/arm-none-eabi/4.9.3/../../../arm-none-eabi/lib/armv7-m/crt0.o (atexit)
/usr/lib/gcc/arm-none-eabi/4.9.3/../../../arm-none-eabi/lib/armv7-m/libc.a(lib_a-exit.o)
                              /usr/lib/gcc/arm-none-eabi/4.9.3/../../../arm-none-eabi/lib/armv7-m/crt0.o (exit)
/usr/lib/gcc/arm-none-eabi/4.9.3/../../../arm-none-eabi/lib/armv7-m/libc.a(lib_a-fini.o)
                              /usr/lib/gcc/arm-none-eabi/4.9.3/../../../arm-none-eabi/lib/armv7-m/crt0.o (__libc_fini_array)
/usr/lib/gcc/arm-none-eabi/4.9.3/../../../arm-none-eabi/lib/armv7-m/libc.a(lib_a-impure.o)
                              /usr/lib/gcc/arm-none-eabi/4.9.3/../../../arm-none-eabi/lib/armv7-m/libc.a(lib_a-exit.o) (_global_impure_ptr)
/usr/lib/gcc/arm-none-eabi/4.9.3/../../../arm-none-eabi/lib/armv7-m/libc.a(lib_a-init.o)
                              /usr/lib/gcc/arm-none-eabi/4.9.3/../../../arm-none-eabi/lib/armv7-m/crt0.o (__libc_init_array)
/usr/lib/gcc/arm-none-eabi/4.9.3/../../../arm-none-eabi/lib/armv7-m/libc.a(lib_a-memset.o)
                              /usr/lib/gcc/arm-none-eabi/4.9.3/../../../arm-none-eabi/lib/armv7-m/crt0.o (memset)
/usr/lib/gcc/arm-none-eabi/4.9.3/../../../arm-none-eabi/lib/armv7-m/libc.a(lib_a-__atexit.o)
                              /usr/lib/gcc/arm-none-eabi/4.9.3/../../../arm-none-eabi/lib/armv7-m/libc.a(lib_a-atexit.o) (__register_exitproc)
/usr/lib/gcc/arm-none-eabi/4.9.3/../../../arm-none-eabi/lib/armv7-m/libc.a(lib_a-__call_atexit.o)
                              /usr/lib/gcc/arm-none-eabi/4.9.3/../../../arm-none-eabi/lib/armv7-m/libc.a(lib_a-exit.o) (__call_exitprocs)
/usr/lib/gcc/arm-none-eabi/4.9.3/../../../arm-none-eabi/lib/armv7-m/libc.a(lib_a-memcmp.o)
                              bluetooth_rxtx.o (memcmp)
/usr/lib/gcc/arm-none-eabi/4.9.3/../../../arm-none-eabi/lib/armv7-m/libc.a(lib_a-memcpy.o)
                              bluetooth_rxtx.o (memcpy)
/usr/lib/gcc/arm-none-eabi/4.9.3/../../../arm-none-eabi/lib/armv7-m/libc.a(lib_a-strlen.o)
                              bluetooth_rxtx.o (strlen)
/usr/lib/gcc/arm-none-eabi/4.9.3/../../../arm-none-eabi/lib/armv7-m/libnosys.a(_exit.o)
                              /usr/lib/gcc/arm-none-eabi/4.9.3/../../../arm-none-eabi/lib/armv7-m/libc.a(lib_a-exit.o) (_exit)

Allocating common symbols
Common symbol       size              file

b                   0x1               bluetooth.o
rx_tc               0x4               bluetooth_rxtx.o
rssi_max            0x1               bluetooth_rxtx.o
used_channels       0x1               bluetooth.o
le_dma_lli          0xb0              bluetooth_rxtx.o
rssi_sample         0x48              bluetooth_rxtx.o
rssi_min            0x1               bluetooth_rxtx.o
afh_map             0xa               bluetooth_rxtx.o
d1                  0x2               bluetooth.o
idle_buf_clk100ns   0x4               bluetooth_rxtx.o
rx_dma_lli2         0x10              bluetooth_rxtx.o
afh_bank            0x4f              bluetooth.o
a1                  0x1               bluetooth.o
cs_timestamp        0x4               bluetooth_rxtx.o
keepalive_trigger   0x1               bluetooth_rxtx.o
clkn                0x4               bluetooth_rxtx.o
active_buf_clkn_high
                    0x4               bluetooth_rxtx.o
fifo                0x2000            ubertooth_usb.o
le_promisc          0x108             bluetooth_rxtx.o
c1                  0x1               bluetooth.o
syncword            0x8               bluetooth_rxtx.o
bank                0x4f              bluetooth.o
unpacked            0x320             bluetooth_rxtx.o
active_buf_clk100ns
                    0x4               bluetooth_rxtx.o
afh_enabled         0x1               bluetooth_rxtx.o
rssi_avg            0x1               bluetooth_rxtx.o
idle_buf_clkn_high  0x4               bluetooth_rxtx.o
rxbuf2              0x32              bluetooth_rxtx.o
abVendorReqData     0x102             ubertooth_usb.o
v_req_handler       0x4               ubertooth_usb.o
rx_dma_lli1         0x10              bluetooth_rxtx.o
e                   0x1               bluetooth.o
rr                  0x5               bluetooth_rxtx.o
rxbuf1              0x32              bluetooth_rxtx.o
rx_err              0x4               bluetooth_rxtx.o
cs_trigger          0x1               bluetooth_rxtx.o
target              0x10              bluetooth_rxtx.o

Discarded input sections

 .text          0x0000000000000000        0x0 /usr/lib/gcc/arm-none-eabi/4.9.3/armv7-m/crti.o
 .data          0x0000000000000000        0x0 /usr/lib/gcc/arm-none-eabi/4.9.3/armv7-m/crti.o
 .bss           0x0000000000000000        0x0 /usr/lib/gcc/arm-none-eabi/4.9.3/armv7-m/crti.o
 .data          0x0000000000000000        0x4 /usr/lib/gcc/arm-none-eabi/4.9.3/armv7-m/crtbegin.o
 .text          0x0000000000000000       0x68 /usr/lib/gcc/arm-none-eabi/4.9.3/../../../arm-none-eabi/lib/armv7-m/crt0.o
 .data          0x0000000000000000        0x0 /usr/lib/gcc/arm-none-eabi/4.9.3/../../../arm-none-eabi/lib/armv7-m/crt0.o
 .bss           0x0000000000000000        0x0 /usr/lib/gcc/arm-none-eabi/4.9.3/../../../arm-none-eabi/lib/armv7-m/crt0.o
 .ARM.extab     0x0000000000000000        0x0 /usr/lib/gcc/arm-none-eabi/4.9.3/../../../arm-none-eabi/lib/armv7-m/crt0.o
 .ARM.exidx     0x0000000000000000        0x8 /usr/lib/gcc/arm-none-eabi/4.9.3/../../../arm-none-eabi/lib/armv7-m/crt0.o
 .debug_line    0x0000000000000000       0x7b /usr/lib/gcc/arm-none-eabi/4.9.3/../../../arm-none-eabi/lib/armv7-m/crt0.o
 .debug_info    0x0000000000000000       0xa8 /usr/lib/gcc/arm-none-eabi/4.9.3/../../../arm-none-eabi/lib/armv7-m/crt0.o
 .debug_abbrev  0x0000000000000000       0x14 /usr/lib/gcc/arm-none-eabi/4.9.3/../../../arm-none-eabi/lib/armv7-m/crt0.o
 .debug_aranges
                0x0000000000000000       0x20 /usr/lib/gcc/arm-none-eabi/4.9.3/../../../arm-none-eabi/lib/armv7-m/crt0.o
 .ARM.attributes
                0x0000000000000000       0x1b /usr/lib/gcc/arm-none-eabi/4.9.3/../../../arm-none-eabi/lib/armv7-m/crt0.o
 .text          0x0000000000000000        0x0 /usr/lib/gcc/arm-none-eabi/4.9.3/../../../arm-none-eabi/lib/armv7-m/libc.a(lib_a-atexit.o)
 .data          0x0000000000000000        0x0 /usr/lib/gcc/arm-none-eabi/4.9.3/../../../arm-none-eabi/lib/armv7-m/libc.a(lib_a-atexit.o)
 .bss           0x0000000000000000        0x0 /usr/lib/gcc/arm-none-eabi/4.9.3/../../../arm-none-eabi/lib/armv7-m/libc.a(lib_a-atexit.o)
 .text          0x0000000000000000        0x0 /usr/lib/gcc/arm-none-eabi/4.9.3/../../../arm-none-eabi/lib/armv7-m/libc.a(lib_a-exit.o)
 .data          0x0000000000000000        0x0 /usr/lib/gcc/arm-none-eabi/4.9.3/../../../arm-none-eabi/lib/armv7-m/libc.a(lib_a-exit.o)
 .bss           0x0000000000000000        0x0 /usr/lib/gcc/arm-none-eabi/4.9.3/../../../arm-none-eabi/lib/armv7-m/libc.a(lib_a-exit.o)
 .text.exit     0x0000000000000000       0x20 /usr/lib/gcc/arm-none-eabi/4.9.3/../../../arm-none-eabi/lib/armv7-m/libc.a(lib_a-exit.o)
 .debug_info    0x0000000000000000      0x8e4 /usr/lib/gcc/arm-none-eabi/4.9.3/../../../arm-none-eabi/lib/armv7-m/libc.a(lib_a-exit.o)
 .debug_abbrev  0x0000000000000000      0x1e6 /usr/lib/gcc/arm-none-eabi/4.9.3/../../../arm-none-eabi/lib/armv7-m/libc.a(lib_a-exit.o)
 .debug_loc     0x0000000000000000       0x1e /usr/lib/gcc/arm-none-eabi/4.9.3/../../../arm-none-eabi/lib/armv7-m/libc.a(lib_a-exit.o)
 .debug_aranges
                0x0000000000000000       0x20 /usr/lib/gcc/arm-none-eabi/4.9.3/../../../arm-none-eabi/lib/armv7-m/libc.a(lib_a-exit.o)
 .debug_ranges  0x0000000000000000       0x10 /usr/lib/gcc/arm-none-eabi/4.9.3/../../../arm-none-eabi/lib/armv7-m/libc.a(lib_a-exit.o)
 .debug_line    0x0000000000000000      0x175 /usr/lib/gcc/arm-none-eabi/4.9.3/../../../arm-none-eabi/lib/armv7-m/libc.a(lib_a-exit.o)
 .debug_str     0x0000000000000000      0x595 /usr/lib/gcc/arm-none-eabi/4.9.3/../../../arm-none-eabi/lib/armv7-m/libc.a(lib_a-exit.o)
 .comment       0x0000000000000000       0x39 /usr/lib/gcc/arm-none-eabi/4.9.3/../../../arm-none-eabi/lib/armv7-m/libc.a(lib_a-exit.o)
 .debug_frame   0x0000000000000000       0x28 /usr/lib/gcc/arm-none-eabi/4.9.3/../../../arm-none-eabi/lib/armv7-m/libc.a(lib_a-exit.o)
 .ARM.attributes
                0x0000000000000000       0x2d /usr/lib/gcc/arm-none-eabi/4.9.3/../../../arm-none-eabi/lib/armv7-m/libc.a(lib_a-exit.o)
 .text          0x0000000000000000        0x0 /usr/lib/gcc/arm-none-eabi/4.9.3/../../../arm-none-eabi/lib/armv7-m/libc.a(lib_a-fini.o)
 .data          0x0000000000000000        0x0 /usr/lib/gcc/arm-none-eabi/4.9.3/../../../arm-none-eabi/lib/armv7-m/libc.a(lib_a-fini.o)
 .bss           0x0000000000000000        0x0 /usr/lib/gcc/arm-none-eabi/4.9.3/../../../arm-none-eabi/lib/armv7-m/libc.a(lib_a-fini.o)
 .text          0x0000000000000000        0x0 /usr/lib/gcc/arm-none-eabi/4.9.3/../../../arm-none-eabi/lib/armv7-m/libc.a(lib_a-impure.o)
 .data          0x0000000000000000        0x0 /usr/lib/gcc/arm-none-eabi/4.9.3/../../../arm-none-eabi/lib/armv7-m/libc.a(lib_a-impure.o)
 .bss           0x0000000000000000        0x0 /usr/lib/gcc/arm-none-eabi/4.9.3/../../../arm-none-eabi/lib/armv7-m/libc.a(lib_a-impure.o)
 .data._impure_ptr
                0x0000000000000000        0x4 /usr/lib/gcc/arm-none-eabi/4.9.3/../../../arm-none-eabi/lib/armv7-m/libc.a(lib_a-impure.o)
 .text          0x0000000000000000        0x0 /usr/lib/gcc/arm-none-eabi/4.9.3/../../../arm-none-eabi/lib/armv7-m/libc.a(lib_a-init.o)
 .data          0x0000000000000000        0x0 /usr/lib/gcc/arm-none-eabi/4.9.3/../../../arm-none-eabi/lib/armv7-m/libc.a(lib_a-init.o)
 .bss           0x0000000000000000        0x0 /usr/lib/gcc/arm-none-eabi/4.9.3/../../../arm-none-eabi/lib/armv7-m/libc.a(lib_a-init.o)
 .text          0x0000000000000000        0x0 /usr/lib/gcc/arm-none-eabi/4.9.3/../../../arm-none-eabi/lib/armv7-m/libc.a(lib_a-memset.o)
 .data          0x0000000000000000        0x0 /usr/lib/gcc/arm-none-eabi/4.9.3/../../../arm-none-eabi/lib/armv7-m/libc.a(lib_a-memset.o)
 .bss           0x0000000000000000        0x0 /usr/lib/gcc/arm-none-eabi/4.9.3/../../../arm-none-eabi/lib/armv7-m/libc.a(lib_a-memset.o)
 .text          0x0000000000000000        0x0 /usr/lib/gcc/arm-none-eabi/4.9.3/../../../arm-none-eabi/lib/armv7-m/libc.a(lib_a-__atexit.o)
 .data          0x0000000000000000        0x0 /usr/lib/gcc/arm-none-eabi/4.9.3/../../../arm-none-eabi/lib/armv7-m/libc.a(lib_a-__atexit.o)
 .bss           0x0000000000000000        0x0 /usr/lib/gcc/arm-none-eabi/4.9.3/../../../arm-none-eabi/lib/armv7-m/libc.a(lib_a-__atexit.o)
 .text          0x0000000000000000        0x0 /usr/lib/gcc/arm-none-eabi/4.9.3/../../../arm-none-eabi/lib/armv7-m/libc.a(lib_a-__call_atexit.o)
 .data          0x0000000000000000        0x0 /usr/lib/gcc/arm-none-eabi/4.9.3/../../../arm-none-eabi/lib/armv7-m/libc.a(lib_a-__call_atexit.o)
 .bss           0x0000000000000000        0x0 /usr/lib/gcc/arm-none-eabi/4.9.3/../../../arm-none-eabi/lib/armv7-m/libc.a(lib_a-__call_atexit.o)
 .text.__call_exitprocs
                0x0000000000000000       0xd4 /usr/lib/gcc/arm-none-eabi/4.9.3/../../../arm-none-eabi/lib/armv7-m/libc.a(lib_a-__call_atexit.o)
 .text          0x0000000000000000        0x0 bluetooth_rxtx.o
 .text          0x0000000000000000        0x0 bluetooth.o
 .data          0x0000000000000000        0x4 bluetooth.o
 .bss           0x0000000000000000        0x0 bluetooth.o
 .text.find_access_code
                0x0000000000000000      0x128 bluetooth.o
 .text          0x0000000000000000        0x0 bluetooth_le.o
 .bss           0x0000000000000000        0x4 bluetooth_le.o
 .rodata        0x0000000000000000      0x87c bluetooth_le.o
 .text          0x0000000000000000        0x0 ubertooth_usb.o
 .data          0x0000000000000000        0x4 ubertooth_usb.o
 .text          0x0000000000000000        0x0 cc2400_rangetest.o
 .bss           0x0000000000000000        0x0 cc2400_rangetest.o
 .text          0x0000000000000000        0x0 ego.o
 .bss           0x0000000000000000        0x0 ego.o
 .text          0x0000000000000000        0x0 ../common/usb_serial.o
 .data          0x0000000000000000        0xc ../common/usb_serial.o
 .bss           0x0000000000000000      0x168 ../common/usb_serial.o
 .rodata        0x0000000000000000       0xd2 ../common/usb_serial.o
 .text.HandleClassRequest
                0x0000000000000000       0x54 ../common/usb_serial.o
 .text.BulkOut  0x0000000000000000       0x68 ../common/usb_serial.o
 .text.SendNextBulkIn
                0x0000000000000000       0x88 ../common/usb_serial.o
 .text.BulkIn   0x0000000000000000       0x20 ../common/usb_serial.o
 .text.USBFrameHandler
                0x0000000000000000       0x34 ../common/usb_serial.o
 .text.USBDevIntHandler
                0x0000000000000000       0x28 ../common/usb_serial.o
 .text.VCOM_init
                0x0000000000000000       0x3c ../common/usb_serial.o
 .text.VCOM_putchar
                0x0000000000000000       0x30 ../common/usb_serial.o
 .text.VCOM_getchar
                0x0000000000000000       0x2c ../common/usb_serial.o
 .text.usb_serial_init
                0x0000000000000000       0x74 ../common/usb_serial.o
 .text          0x0000000000000000        0x0 ../common/serial_fifo.o
 .data          0x0000000000000000        0x0 ../common/serial_fifo.o
 .bss           0x0000000000000000        0x0 ../common/serial_fifo.o
 .text.fifo_init
                0x0000000000000000       0x28 ../common/serial_fifo.o
 .text.fifo_put
                0x0000000000000000       0x58 ../common/serial_fifo.o
 .text.fifo_get
                0x0000000000000000       0x5c ../common/serial_fifo.o
 .text.fifo_avail
                0x0000000000000000       0x38 ../common/serial_fifo.o
 .text.fifo_free
                0x0000000000000000       0x1c ../common/serial_fifo.o
 .debug_info    0x0000000000000000      0x19e ../common/serial_fifo.o
 .debug_abbrev  0x0000000000000000       0xf5 ../common/serial_fifo.o
 .debug_aranges
                0x0000000000000000       0x40 ../common/serial_fifo.o
 .debug_ranges  0x0000000000000000       0x30 ../common/serial_fifo.o
 .debug_line    0x0000000000000000       0xce ../common/serial_fifo.o
 .debug_str     0x0000000000000000      0x1d2 ../common/serial_fifo.o
 .comment       0x0000000000000000       0x39 ../common/serial_fifo.o
 .debug_frame   0x0000000000000000       0xd8 ../common/serial_fifo.o
 .ARM.attributes
                0x0000000000000000       0x33 ../common/serial_fifo.o
 .text          0x0000000000000000        0x0 ../common/LPC17xx_Startup.o
 .data          0x0000000000000000        0x0 ../common/LPC17xx_Startup.o
 .bss           0x0000000000000000        0x0 ../common/LPC17xx_Startup.o
 .text          0x0000000000000000        0x0 ../common/LPC17xx_Interrupts.o
 .data          0x0000000000000000        0x0 ../common/LPC17xx_Interrupts.o
 .bss           0x0000000000000000        0x0 ../common/LPC17xx_Interrupts.o
 .text          0x0000000000000000        0x0 ../common/ubertooth.o
 .data          0x0000000000000000        0x4 ../common/ubertooth.o
 .text.wait_ms  0x0000000000000000       0x20 ../common/ubertooth.o
 .text.cc2400_tune_rx
                0x0000000000000000       0x20 ../common/ubertooth.o
 .text.cc2400_tune_tx
                0x0000000000000000       0x1c ../common/ubertooth.o
 .text.cc2400_hop_rx
                0x0000000000000000       0x5c ../common/ubertooth.o
 .text.cc2400_hop_tx
                0x0000000000000000       0x5c ../common/ubertooth.o
 .text          0x0000000000000000        0x0 ../common/lpcusb/target/usbcontrol.o
 .data          0x0000000000000000        0x0 ../common/lpcusb/target/usbcontrol.o
 .text          0x0000000000000000        0x0 ../common/lpcusb/target/usbinit.o
 .data          0x0000000000000000        0x0 ../common/lpcusb/target/usbinit.o
 .text          0x0000000000000000        0x0 ../common/lpcusb/target/usbhw_lpc.o
 .data          0x0000000000000000        0x0 ../common/lpcusb/target/usbhw_lpc.o
 .text.USBHwRegisterFrameHandler
                0x0000000000000000       0x2c ../common/lpcusb/target/usbhw_lpc.o
 .text.fast_wait
                0x0000000000000000       0x24 ../common/lpcusb/target/usbhw_lpc.o
 .text.USBHwISOCEPRead
                0x0000000000000000       0xe4 ../common/lpcusb/target/usbhw_lpc.o
 .text.USBSetupDMADescriptor
                0x0000000000000000       0xa8 ../common/lpcusb/target/usbhw_lpc.o
 .text.USBDisableDMAForEndpoint
                0x0000000000000000       0x38 ../common/lpcusb/target/usbhw_lpc.o
 .text.USBEnableDMAForEndpoint
                0x0000000000000000       0x38 ../common/lpcusb/target/usbhw_lpc.o
 .text.USBInitializeISOCFrameArray
                0x0000000000000000       0x58 ../common/lpcusb/target/usbhw_lpc.o
 .text.USBSetHeadDDForDMA
                0x0000000000000000       0x34 ../common/lpcusb/target/usbhw_lpc.o
 .text.USBInitializeUSBDMA
                0x0000000000000000       0x3c ../common/lpcusb/target/usbhw_lpc.o
 .text          0x0000000000000000        0x0 ../common/lpcusb/target/usbstdreq.o
 .text.USBRegisterCustomReqHandler
                0x0000000000000000       0x1c ../common/lpcusb/target/usbstdreq.o
 .text          0x0000000000000000        0x0 /usr/lib/gcc/arm-none-eabi/4.9.3/../../../arm-none-eabi/lib/armv7-m/libc.a(lib_a-memcmp.o)
 .data          0x0000000000000000        0x0 /usr/lib/gcc/arm-none-eabi/4.9.3/../../../arm-none-eabi/lib/armv7-m/libc.a(lib_a-memcmp.o)
 .bss           0x0000000000000000        0x0 /usr/lib/gcc/arm-none-eabi/4.9.3/../../../arm-none-eabi/lib/armv7-m/libc.a(lib_a-memcmp.o)
 .data          0x0000000000000000        0x0 /usr/lib/gcc/arm-none-eabi/4.9.3/../../../arm-none-eabi/lib/armv7-m/libc.a(lib_a-memcpy.o)
 .bss           0x0000000000000000        0x0 /usr/lib/gcc/arm-none-eabi/4.9.3/../../../arm-none-eabi/lib/armv7-m/libc.a(lib_a-memcpy.o)
 .text          0x0000000000000000        0x0 /usr/lib/gcc/arm-none-eabi/4.9.3/../../../arm-none-eabi/lib/armv7-m/libc.a(lib_a-strlen.o)
 .data          0x0000000000000000        0x0 /usr/lib/gcc/arm-none-eabi/4.9.3/../../../arm-none-eabi/lib/armv7-m/libc.a(lib_a-strlen.o)
 .bss           0x0000000000000000        0x0 /usr/lib/gcc/arm-none-eabi/4.9.3/../../../arm-none-eabi/lib/armv7-m/libc.a(lib_a-strlen.o)
 .text          0x0000000000000000        0x0 /usr/lib/gcc/arm-none-eabi/4.9.3/armv7-m/crtend.o
 .data          0x0000000000000000        0x0 /usr/lib/gcc/arm-none-eabi/4.9.3/armv7-m/crtend.o
 .bss           0x0000000000000000        0x0 /usr/lib/gcc/arm-none-eabi/4.9.3/armv7-m/crtend.o
 .eh_frame      0x0000000000000000        0x4 /usr/lib/gcc/arm-none-eabi/4.9.3/armv7-m/crtend.o
 .jcr           0x0000000000000000        0x4 /usr/lib/gcc/arm-none-eabi/4.9.3/armv7-m/crtend.o
 .text          0x0000000000000000        0x0 /usr/lib/gcc/arm-none-eabi/4.9.3/armv7-m/crtn.o
 .data          0x0000000000000000        0x0 /usr/lib/gcc/arm-none-eabi/4.9.3/armv7-m/crtn.o
 .bss           0x0000000000000000        0x0 /usr/lib/gcc/arm-none-eabi/4.9.3/armv7-m/crtn.o
 .text          0x0000000000000000        0x0 /usr/lib/gcc/arm-none-eabi/4.9.3/../../../arm-none-eabi/lib/armv7-m/libnosys.a(_exit.o)
 .data          0x0000000000000000        0x0 /usr/lib/gcc/arm-none-eabi/4.9.3/../../../arm-none-eabi/lib/armv7-m/libnosys.a(_exit.o)
 .bss           0x0000000000000000        0x0 /usr/lib/gcc/arm-none-eabi/4.9.3/../../../arm-none-eabi/lib/armv7-m/libnosys.a(_exit.o)
 .text._exit    0x0000000000000000        0x4 /usr/lib/gcc/arm-none-eabi/4.9.3/../../../arm-none-eabi/lib/armv7-m/libnosys.a(_exit.o)
 .debug_info    0x0000000000000000       0x58 /usr/lib/gcc/arm-none-eabi/4.9.3/../../../arm-none-eabi/lib/armv7-m/libnosys.a(_exit.o)
 .debug_abbrev  0x0000000000000000       0x55 /usr/lib/gcc/arm-none-eabi/4.9.3/../../../arm-none-eabi/lib/armv7-m/libnosys.a(_exit.o)
 .debug_aranges
                0x0000000000000000       0x20 /usr/lib/gcc/arm-none-eabi/4.9.3/../../../arm-none-eabi/lib/armv7-m/libnosys.a(_exit.o)
 .debug_ranges  0x0000000000000000       0x10 /usr/lib/gcc/arm-none-eabi/4.9.3/../../../arm-none-eabi/lib/armv7-m/libnosys.a(_exit.o)
 .debug_line    0x0000000000000000       0x5d /usr/lib/gcc/arm-none-eabi/4.9.3/../../../arm-none-eabi/lib/armv7-m/libnosys.a(_exit.o)
 .debug_str     0x0000000000000000      0x102 /usr/lib/gcc/arm-none-eabi/4.9.3/../../../arm-none-eabi/lib/armv7-m/libnosys.a(_exit.o)
 .comment       0x0000000000000000       0x39 /usr/lib/gcc/arm-none-eabi/4.9.3/../../../arm-none-eabi/lib/armv7-m/libnosys.a(_exit.o)
 .debug_frame   0x0000000000000000       0x20 /usr/lib/gcc/arm-none-eabi/4.9.3/../../../arm-none-eabi/lib/armv7-m/libnosys.a(_exit.o)
 .ARM.attributes
                0x0000000000000000       0x2d /usr/lib/gcc/arm-none-eabi/4.9.3/../../../arm-none-eabi/lib/armv7-m/libnosys.a(_exit.o)

Memory Configuration

Name             Origin             Length             Attributes
rom              0x0000000000004000 0x000000000001c000 xr
ram              0x0000000010000000 0x0000000000004000 xrw
*default*        0x0000000000000000 0xffffffffffffffff

Linker script and memory map

LOAD /usr/lib/gcc/arm-none-eabi/4.9.3/armv7-m/crti.o
LOAD /usr/lib/gcc/arm-none-eabi/4.9.3/armv7-m/crtbegin.o
LOAD /usr/lib/gcc/arm-none-eabi/4.9.3/../../../arm-none-eabi/lib/armv7-m/crt0.o
START GROUP
LOAD /usr/lib/gcc/arm-none-eabi/4.9.3/../../../arm-none-eabi/lib/armv7-m/libc.a
LOAD /usr/lib/gcc/arm-none-eabi/4.9.3/../../../arm-none-eabi/lib/armv7-m/libg.a
LOAD /usr/lib/gcc/arm-none-eabi/4.9.3/armv7-m/libgcc.a
LOAD /usr/lib/gcc/arm-none-eabi/4.9.3/../../../arm-none-eabi/lib/armv7-m/libm.a
END GROUP
LOAD bluetooth_rxtx.o
LOAD bluetooth.o
LOAD bluetooth_le.o
LOAD ubertooth_usb.o
LOAD cc2400_rangetest.o
LOAD ego.o
LOAD ../common/usb_serial.o
LOAD ../common/serial_fifo.o
LOAD ../common/LPC17xx_Startup.o
LOAD ../common/LPC17xx_Interrupts.o
LOAD ../common/ubertooth.o
LOAD ../common/lpcusb/target/usbcontrol.o
LOAD ../common/lpcusb/target/usbinit.o
LOAD ../common/lpcusb/target/usbhw_lpc.o
LOAD ../common/lpcusb/target/usbstdreq.o
START GROUP
LOAD /usr/lib/gcc/arm-none-eabi/4.9.3/armv7-m/libgcc.a
LOAD /usr/lib/gcc/arm-none-eabi/4.9.3/../../../arm-none-eabi/lib/armv7-m/libc.a
END GROUP
LOAD /usr/lib/gcc/arm-none-eabi/4.9.3/armv7-m/crtend.o
LOAD /usr/lib/gcc/arm-none-eabi/4.9.3/armv7-m/crtn.o
START GROUP
LOAD /usr/lib/gcc/arm-none-eabi/4.9.3/armv7-m/libgcc.a
LOAD /usr/lib/gcc/arm-none-eabi/4.9.3/../../../arm-none-eabi/lib/armv7-m/libc.a
LOAD /usr/lib/gcc/arm-none-eabi/4.9.3/../../../arm-none-eabi/lib/armv7-m/libm.a
LOAD /usr/lib/gcc/arm-none-eabi/4.9.3/../../../arm-none-eabi/lib/armv7-m/libnosys.a
END GROUP

.text           0x0000000000004000     0x7f60
                0x0000000000004000                . = ALIGN (0x400)
                0x0000000000004000                _interrupt_vector_table = .
 *(.irq_handler_table)
 .irq_handler_table
                0x0000000000004000       0xcc ../common/LPC17xx_Interrupts.o
                0x0000000000004000                _NVIC_Handler_Functions
 *(.text .text.* .gnu.linkonce.t.*)
 .text          0x00000000000040cc       0xa4 /usr/lib/gcc/arm-none-eabi/4.9.3/armv7-m/crtbegin.o
 .text.atexit   0x0000000000004170        0xc /usr/lib/gcc/arm-none-eabi/4.9.3/../../../arm-none-eabi/lib/armv7-m/libc.a(lib_a-atexit.o)
                0x0000000000004170                atexit
 .text.__libc_fini_array
                0x000000000000417c       0x2c /usr/lib/gcc/arm-none-eabi/4.9.3/../../../arm-none-eabi/lib/armv7-m/libc.a(lib_a-fini.o)
                0x000000000000417c                __libc_fini_array
 .text.__libc_init_array
                0x00000000000041a8       0x50 /usr/lib/gcc/arm-none-eabi/4.9.3/../../../arm-none-eabi/lib/armv7-m/libc.a(lib_a-init.o)
                0x00000000000041a8                __libc_init_array
 .text.memset   0x00000000000041f8       0x9c /usr/lib/gcc/arm-none-eabi/4.9.3/../../../arm-none-eabi/lib/armv7-m/libc.a(lib_a-memset.o)
                0x00000000000041f8                memset
 .text.__register_exitproc
                0x0000000000004294       0xa4 /usr/lib/gcc/arm-none-eabi/4.9.3/../../../arm-none-eabi/lib/armv7-m/libc.a(lib_a-__atexit.o)
                0x0000000000004294                __register_exitproc
 .text.startup.register_fini
                0x0000000000004338       0x14 /usr/lib/gcc/arm-none-eabi/4.9.3/../../../arm-none-eabi/lib/armv7-m/libc.a(lib_a-__call_atexit.o)
 .text.rssi_reset
                0x000000000000434c       0x48 bluetooth_rxtx.o
 .text.rssi_add
                0x0000000000004394       0x6c bluetooth_rxtx.o
 .text.rssi_add_pkt
                0x0000000000004400       0xcc bluetooth_rxtx.o
 .text.rssi_update_pkt
                0x00000000000044cc       0x48 bluetooth_rxtx.o
 .text.rssi_iir_update
                0x0000000000004514       0x98 bluetooth_rxtx.o
 .text.cs_threshold_set
                0x00000000000045ac       0x8c bluetooth_rxtx.o
 .text.enqueue_rssi
                0x0000000000004638      0x134 bluetooth_rxtx.o
 .text.enqueue  0x000000000000476c      0x188 bluetooth_rxtx.o
 .text.enqueue_with_ts
                0x00000000000048f4      0x118 bluetooth_rxtx.o
                0x00000000000048f4                enqueue_with_ts
 .text.cs_threshold_calc_and_set
                0x0000000000004a0c       0x74 bluetooth_rxtx.o
 .text.cs_trigger_enable
                0x0000000000004a80       0x3c bluetooth_rxtx.o
 .text.cs_trigger_disable
                0x0000000000004abc       0x3c bluetooth_rxtx.o
 .text.vendor_request_handler
                0x0000000000004af8      0xaec bluetooth_rxtx.o
 .text.clkn_init
                0x00000000000055e4       0x50 bluetooth_rxtx.o
 .text.TIMER0_IRQHandler
                0x0000000000005634      0x11c bluetooth_rxtx.o
                0x0000000000005634                TIMER0_IRQHandler
 .text.EINT3_IRQHandler
                0x0000000000005750       0x48 bluetooth_rxtx.o
                0x0000000000005750                EINT3_IRQHandler
 .text.msleep   0x0000000000005798       0x40 bluetooth_rxtx.o
 .text.dma_init
                0x00000000000057d8      0x180 bluetooth_rxtx.o
 .text.dma_init_le
                0x0000000000005958      0x1a4 bluetooth_rxtx.o
 .text.bt_stream_dma_handler
                0x0000000000005afc       0xdc bluetooth_rxtx.o
                0x0000000000005afc                bt_stream_dma_handler
 .text.DMA_IRQHandler
                0x0000000000005bd8       0x54 bluetooth_rxtx.o
                0x0000000000005bd8                DMA_IRQHandler
 .text.dio_ssp_start
                0x0000000000005c2c       0x60 bluetooth_rxtx.o
 .text.dio_ssp_stop
                0x0000000000005c8c       0xc8 bluetooth_rxtx.o
 .text.cc2400_idle
                0x0000000000005d54       0x50 bluetooth_rxtx.o
 .text.cc2400_rx
                0x0000000000005da4       0xbc bluetooth_rxtx.o
 .text.cc2400_rx_sync
                0x0000000000005e60       0xe4 bluetooth_rxtx.o
 .text.le_transmit
                0x0000000000005f44      0x28c bluetooth_rxtx.o
                0x0000000000005f44                le_transmit
 .text.le_jam   0x00000000000061d0       0x94 bluetooth_rxtx.o
                0x00000000000061d0                le_jam
 .text.hop      0x0000000000006264      0x128 bluetooth_rxtx.o
                0x0000000000006264                hop
 .text.bt_stream_rx
                0x000000000000638c      0x260 bluetooth_rxtx.o
                0x000000000000638c                bt_stream_rx
 .text.le_set_access_address
                0x00000000000065ec       0x34 bluetooth_rxtx.o
 .text.reset_le
                0x0000000000006620       0x98 bluetooth_rxtx.o
                0x0000000000006620                reset_le
 .text.reset_le_promisc
                0x00000000000066b8       0x20 bluetooth_rxtx.o
                0x00000000000066b8                reset_le_promisc
 .text.bt_generic_le
                0x00000000000066d8      0x2f8 bluetooth_rxtx.o
                0x00000000000066d8                bt_generic_le
 .text.bt_le_sync
                0x00000000000069d0      0x59c bluetooth_rxtx.o
                0x00000000000069d0                bt_le_sync
 .text.cb_follow_le
                0x0000000000006f6c      0x1dc bluetooth_rxtx.o
                0x0000000000006f6c                cb_follow_le
 .text.connection_follow_cb
                0x0000000000007148      0x278 bluetooth_rxtx.o
                0x0000000000007148                connection_follow_cb
 .text.bt_follow_le
                0x00000000000073c0       0x28 bluetooth_rxtx.o
                0x00000000000073c0                bt_follow_le
 .text.le_promisc_state
                0x00000000000073e8       0x90 bluetooth_rxtx.o
                0x00000000000073e8                le_promisc_state
 .text.promisc_recover_hop_increment
                0x0000000000007478      0x19c bluetooth_rxtx.o
                0x0000000000007478                promisc_recover_hop_increment
 .text.promisc_recover_hop_interval
                0x0000000000007614      0x10c bluetooth_rxtx.o
                0x0000000000007614                promisc_recover_hop_interval
 .text.promisc_follow_cb
                0x0000000000007720       0xbc bluetooth_rxtx.o
                0x0000000000007720                promisc_follow_cb
 .text.see_aa   0x00000000000077dc       0xa8 bluetooth_rxtx.o
                0x00000000000077dc                see_aa
 .text.cb_le_promisc
                0x0000000000007884      0x310 bluetooth_rxtx.o
                0x0000000000007884                cb_le_promisc
 .text.bt_promisc_le
                0x0000000000007b94       0x88 bluetooth_rxtx.o
                0x0000000000007b94                bt_promisc_le
 .text.bt_slave_le
                0x0000000000007c1c      0x114 bluetooth_rxtx.o
                0x0000000000007c1c                bt_slave_le
 .text.specan   0x0000000000007d30      0x198 bluetooth_rxtx.o
                0x0000000000007d30                specan
 .text.led_specan
                0x0000000000007ec8      0x19c bluetooth_rxtx.o
                0x0000000000007ec8                led_specan
 .text.main     0x0000000000008064      0x134 bluetooth_rxtx.o
                0x0000000000008064                main
 .text.count_bits
                0x0000000000008198       0x4c bluetooth.o
                0x0000000000008198                count_bits
 .text.precalc  0x00000000000081e4      0x220 bluetooth.o
                0x00000000000081e4                precalc
 .text.perm5    0x0000000000008404      0x1a4 bluetooth.o
                0x0000000000008404                perm5
 .text.next_hop
                0x00000000000085a8      0x18c bluetooth.o
                0x00000000000085a8                next_hop
 .text.btle_next_hop
                0x0000000000008734       0x50 bluetooth_le.o
                0x0000000000008734                btle_next_hop
 .text.btle_channel_index
                0x0000000000008784       0x58 bluetooth_le.o
                0x0000000000008784                btle_channel_index
 .text.btle_channel_index_to_phys
                0x00000000000087dc       0x64 bluetooth_le.o
                0x00000000000087dc                btle_channel_index_to_phys
 .text.btle_calc_crc
                0x0000000000008840       0x88 bluetooth_le.o
                0x0000000000008840                btle_calc_crc
 .text.btle_reverse_crc
                0x00000000000088c8       0xc4 bluetooth_le.o
                0x00000000000088c8                btle_reverse_crc
 .text.btle_crcgen_lut
                0x000000000000898c       0x5c bluetooth_le.o
                0x000000000000898c                btle_crcgen_lut
 .text.usb_vendor_request_handler
                0x00000000000089e8       0x4c ubertooth_usb.o
                0x00000000000089e8                usb_vendor_request_handler
 .text.ubertooth_usb_init
                0x0000000000008a34       0x50 ubertooth_usb.o
                0x0000000000008a34                ubertooth_usb_init
 .text.queue_init
                0x0000000000008a84       0x20 ubertooth_usb.o
                0x0000000000008a84                queue_init
 .text.usb_enqueue
                0x0000000000008aa4       0x60 ubertooth_usb.o
                0x0000000000008aa4                usb_enqueue
 .text.dequeue  0x0000000000008b04       0x54 ubertooth_usb.o
                0x0000000000008b04                dequeue
 .text.dequeue_send
                0x0000000000008b58       0x6c ubertooth_usb.o
                0x0000000000008b58                dequeue_send
 .text.handle_usb
                0x0000000000008bc4       0x3c ubertooth_usb.o
                0x0000000000008bc4                handle_usb
 .text.cc2400_rangetest
                0x0000000000008c00      0x43c cc2400_rangetest.o
                0x0000000000008c00                cc2400_rangetest
 .text.cc2400_repeater
                0x000000000000903c      0x270 cc2400_rangetest.o
                0x000000000000903c                cc2400_repeater
 .text.cc2400_txtest
                0x00000000000092ac       0xac cc2400_rangetest.o
                0x00000000000092ac                cc2400_txtest
 .text.ssp_start
                0x0000000000009358       0x34 ego.o
 .text.ssp_stop
                0x000000000000938c       0x28 ego.o
 .text.ego_init
                0x00000000000093b4       0x18 ego.o
 .text.ego_deinit
                0x00000000000093cc       0x1c ego.o
 .text.rf_on    0x00000000000093e8       0xac ego.o
 .text.do_rx    0x0000000000009494       0x4c ego.o
                0x0000000000009494                do_rx
 .text.sync_received
                0x00000000000094e0       0x14 ego.o
 .text.sleep_ms
                0x00000000000094f4       0x44 ego.o
 .text.sleep_ms_anchor
                0x0000000000009538       0x2c ego.o
 .text.sleep_elapsed
                0x0000000000009564       0x60 ego.o
 .text.nop_state
                0x00000000000095c4       0x14 ego.o
                0x00000000000095c4                nop_state
 .text.init_state
                0x00000000000095d8       0x34 ego.o
                0x00000000000095d8                init_state
 .text.start_rf_state
                0x000000000000960c       0x18 ego.o
                0x000000000000960c                start_rf_state
 .text.cap_state
                0x0000000000009624       0xe8 ego.o
                0x0000000000009624                cap_state
 .text.sleep_state
                0x000000000000970c       0x64 ego.o
                0x000000000000970c                sleep_state
 .text.continuous_init_state
                0x0000000000009770       0x18 ego.o
                0x0000000000009770                continuous_init_state
 .text.continuous_cap_state
                0x0000000000009788       0xd4 ego.o
                0x0000000000009788                continuous_cap_state
 .text.jam_cap_state
                0x000000000000985c       0x80 ego.o
                0x000000000000985c                jam_cap_state
 .text.start_jamming_state
                0x00000000000098dc       0xc4 ego.o
                0x00000000000098dc                start_jamming_state
 .text.jamming_state
                0x00000000000099a0       0x7c ego.o
                0x00000000000099a0                jamming_state
 .text.jam_sleep_state
                0x0000000000009a1c       0x30 ego.o
                0x0000000000009a1c                jam_sleep_state
 .text.ego_main
                0x0000000000009a4c       0xe4 ego.o
                0x0000000000009a4c                ego_main
 .text.USB_IRQHandler
                0x0000000000009b30        0xc ../common/usb_serial.o
                0x0000000000009b30                USB_IRQHandler
 .text.Reset_Handler
                0x0000000000009b3c       0x6c ../common/LPC17xx_Startup.o
                0x0000000000009b3c                Reset_Handler
 .text.Default_Handler
                0x0000000000009ba8        0x8 ../common/LPC17xx_Interrupts.o
                0x0000000000009ba8                TIMER2_IRQHandler
                0x0000000000009ba8                DebugMon_Handler
                0x0000000000009ba8                RIT_IRQHandler
                0x0000000000009ba8                I2C0_IRQHandler
                0x0000000000009ba8                HardFault_Handler
                0x0000000000009ba8                SysTick_Handler
                0x0000000000009ba8                PWM1_IRQHandler
                0x0000000000009ba8                PendSV_Handler
                0x0000000000009ba8                NMI_Handler
                0x0000000000009ba8                I2C1_IRQHandler
                0x0000000000009ba8                EINT2_IRQHandler
                0x0000000000009ba8                UART1_IRQHandler
                0x0000000000009ba8                TIMER3_IRQHandler
                0x0000000000009ba8                UART0_IRQHandler
                0x0000000000009ba8                MemManagement_Handler
                0x0000000000009ba8                UsageFault_Handler
                0x0000000000009ba8                PLL0_IRQHandler
                0x0000000000009ba8                CAN_IRQHandler
                0x0000000000009ba8                PLL1_IRQHandler
                0x0000000000009ba8                SSP0_IRQHandler
                0x0000000000009ba8                I2S_IRQHandler
                0x0000000000009ba8                I2C2_IRQHandler
                0x0000000000009ba8                RTC_IRQHandler
                0x0000000000009ba8                SPI_IRQHandler
                0x0000000000009ba8                EINT1_IRQHandler
                0x0000000000009ba8                TIMER1_IRQHandler
                0x0000000000009ba8                UART2_IRQHandler
                0x0000000000009ba8                ADC_IRQHandler
                0x0000000000009ba8                SSP1_IRQHandler
                0x0000000000009ba8                BOD_IRQHandler
                0x0000000000009ba8                WDT_IRQHandler
                0x0000000000009ba8                SVC_Handler
                0x0000000000009ba8                QEI_IRQHandler
                0x0000000000009ba8                EINT0_IRQHandler
                0x0000000000009ba8                USBACT_IRQHandler
                0x0000000000009ba8                CANACT_IRQHandler
                0x0000000000009ba8                BusFault_Handler
                0x0000000000009ba8                UART3_IRQHandler
                0x0000000000009ba8                MCPWM_IRQHandler
                0x0000000000009ba8                ENET_IRQHandler
 .text.wait     0x0000000000009bb0       0x24 ../common/ubertooth.o
                0x0000000000009bb0                wait
 .text.rbit     0x0000000000009bd4       0x24 ../common/ubertooth.o
                0x0000000000009bd4                rbit
 .text.wait_us  0x0000000000009bf8       0x4c ../common/ubertooth.o
                0x0000000000009bf8                wait_us
 .text.gpio_init
                0x0000000000009c44       0x74 ../common/ubertooth.o
                0x0000000000009c44                gpio_init
 .text.all_pins_off
                0x0000000000009cb8      0x108 ../common/ubertooth.o
                0x0000000000009cb8                all_pins_off
 .text.ubertooth_init
                0x0000000000009dc0       0x14 ../common/ubertooth.o
                0x0000000000009dc0                ubertooth_init
 .text.dio_ssp_init
                0x0000000000009dd4       0x70 ../common/ubertooth.o
                0x0000000000009dd4                dio_ssp_init
 .text.atest_init
                0x0000000000009e44       0x48 ../common/ubertooth.o
                0x0000000000009e44                atest_init
 .text.cc2400_init
                0x0000000000009e8c       0x38 ../common/ubertooth.o
                0x0000000000009e8c                cc2400_init
 .text.cc2400_spi
                0x0000000000009ec4       0x88 ../common/ubertooth.o
                0x0000000000009ec4                cc2400_spi
 .text.cc2400_get
                0x0000000000009f4c       0x2c ../common/ubertooth.o
                0x0000000000009f4c                cc2400_get
 .text.cc2400_set
                0x0000000000009f78       0x28 ../common/ubertooth.o
                0x0000000000009f78                cc2400_set
 .text.cc2400_get8
                0x0000000000009fa0       0x34 ../common/ubertooth.o
                0x0000000000009fa0                cc2400_get8
 .text.cc2400_set8
                0x0000000000009fd4       0x28 ../common/ubertooth.o
                0x0000000000009fd4                cc2400_set8
 .text.cc2400_spi_buf
                0x0000000000009ffc       0xec ../common/ubertooth.o
                0x0000000000009ffc                cc2400_spi_buf
 .text.cc2400_status
                0x000000000000a0e8       0x14 ../common/ubertooth.o
                0x000000000000a0e8                cc2400_status
 .text.cc2400_strobe
                0x000000000000a0fc       0x20 ../common/ubertooth.o
                0x000000000000a0fc                cc2400_strobe
 .text.cc2400_reset
                0x000000000000a11c       0x38 ../common/ubertooth.o
                0x000000000000a11c                cc2400_reset
 .text.clock_start
                0x000000000000a154      0x1bc ../common/ubertooth.o
                0x000000000000a154                clock_start
 .text.reset    0x000000000000a310       0x3c ../common/ubertooth.o
                0x000000000000a310                reset
 .text._HandleRequest
                0x000000000000a34c       0x6c ../common/lpcusb/target/usbcontrol.o
 .text.StallControlPipe
                0x000000000000a3b8       0x34 ../common/lpcusb/target/usbcontrol.o
 .text.DataIn   0x000000000000a3ec       0x48 ../common/lpcusb/target/usbcontrol.o
 .text.USBHandleControlTransfer
                0x000000000000a434      0x160 ../common/lpcusb/target/usbcontrol.o
                0x000000000000a434                USBHandleControlTransfer
 .text.USBRegisterRequestHandler
                0x000000000000a594       0x34 ../common/lpcusb/target/usbcontrol.o
                0x000000000000a594                USBRegisterRequestHandler
 .text.HandleUsbReset
                0x000000000000a5c8       0x14 ../common/lpcusb/target/usbinit.o
 .text.USBInit  0x000000000000a5dc       0x50 ../common/lpcusb/target/usbinit.o
                0x000000000000a5dc                USBInit
 .text.Wait4DevInt
                0x000000000000a62c       0x30 ../common/lpcusb/target/usbhw_lpc.o
 .text.USBHwCmd
                0x000000000000a65c       0x30 ../common/lpcusb/target/usbhw_lpc.o
 .text.USBHwCmdWrite
                0x000000000000a68c       0x34 ../common/lpcusb/target/usbhw_lpc.o
 .text.USBHwCmdRead
                0x000000000000a6c0       0x3c ../common/lpcusb/target/usbhw_lpc.o
 .text.USBHwEPRealize
                0x000000000000a6fc       0x44 ../common/lpcusb/target/usbhw_lpc.o
 .text.USBHwEPEnable
                0x000000000000a740       0x30 ../common/lpcusb/target/usbhw_lpc.o
 .text.USBHwEPConfig
                0x000000000000a770       0x3c ../common/lpcusb/target/usbhw_lpc.o
                0x000000000000a770                USBHwEPConfig
 .text.USBHwRegisterEPIntHandler
                0x000000000000a7ac       0x64 ../common/lpcusb/target/usbhw_lpc.o
                0x000000000000a7ac                USBHwRegisterEPIntHandler
 .text.USBHwRegisterDevIntHandler
                0x000000000000a810       0x2c ../common/lpcusb/target/usbhw_lpc.o
                0x000000000000a810                USBHwRegisterDevIntHandler
 .text.USBHwSetAddress
                0x000000000000a83c       0x24 ../common/lpcusb/target/usbhw_lpc.o
                0x000000000000a83c                USBHwSetAddress
 .text.USBHwConnect
                0x000000000000a860       0x24 ../common/lpcusb/target/usbhw_lpc.o
                0x000000000000a860                USBHwConnect
 .text.USBHwNakIntEnable
                0x000000000000a884       0x1c ../common/lpcusb/target/usbhw_lpc.o
                0x000000000000a884                USBHwNakIntEnable
 .text.USBHwEPGetStatus
                0x000000000000a8a0       0x30 ../common/lpcusb/target/usbhw_lpc.o
                0x000000000000a8a0                USBHwEPGetStatus
 .text.USBHwEPStall
                0x000000000000a8d0       0x48 ../common/lpcusb/target/usbhw_lpc.o
                0x000000000000a8d0                USBHwEPStall
 .text.USBHwEPWrite
                0x000000000000a918       0x9c ../common/lpcusb/target/usbhw_lpc.o
                0x000000000000a918                USBHwEPWrite
 .text.USBHwEPRead
                0x000000000000a9b4       0xcc ../common/lpcusb/target/usbhw_lpc.o
                0x000000000000a9b4                USBHwEPRead
 .text.USBHwConfigDevice
                0x000000000000aa80       0x24 ../common/lpcusb/target/usbhw_lpc.o
                0x000000000000aa80                USBHwConfigDevice
 .text.USBHwISR
                0x000000000000aaa4      0x194 ../common/lpcusb/target/usbhw_lpc.o
                0x000000000000aaa4                USBHwISR
 .text.USBHwInit
                0x000000000000ac38       0xec ../common/lpcusb/target/usbhw_lpc.o
                0x000000000000ac38                USBHwInit
 .text.USBFilterOsVendorMessage
                0x000000000000ad24       0xd0 ../common/lpcusb/target/usbstdreq.o
                0x000000000000ad24                USBFilterOsVendorMessage
 .text.USBRegisterWinusbInterface
                0x000000000000adf4       0x78 ../common/lpcusb/target/usbstdreq.o
                0x000000000000adf4                USBRegisterWinusbInterface
 .text.USBGetOsStringDescriptor
                0x000000000000ae6c       0x34 ../common/lpcusb/target/usbstdreq.o
                0x000000000000ae6c                USBGetOsStringDescriptor
 .text.USBRegisterDescriptors
                0x000000000000aea0       0x1c ../common/lpcusb/target/usbstdreq.o
                0x000000000000aea0                USBRegisterDescriptors
 .text.USBGetDescriptor
                0x000000000000aebc       0xb8 ../common/lpcusb/target/usbstdreq.o
                0x000000000000aebc                USBGetDescriptor
 .text.USBSetConfiguration
                0x000000000000af74       0xb8 ../common/lpcusb/target/usbstdreq.o
 .text.HandleStdDeviceReq
                0x000000000000b02c       0xd4 ../common/lpcusb/target/usbstdreq.o
 .text.HandleStdInterfaceReq
                0x000000000000b100       0xa0 ../common/lpcusb/target/usbstdreq.o
 .text.HandleStdEndPointReq
                0x000000000000b1a0       0xd0 ../common/lpcusb/target/usbstdreq.o
 .text.USBHandleStandardRequest
                0x000000000000b270       0x78 ../common/lpcusb/target/usbstdreq.o
                0x000000000000b270                USBHandleStandardRequest
 .text.memcmp   0x000000000000b2e8       0x64 /usr/lib/gcc/arm-none-eabi/4.9.3/../../../arm-none-eabi/lib/armv7-m/libc.a(lib_a-memcmp.o)
                0x000000000000b2e8                memcmp
 .text          0x000000000000b34c       0xec /usr/lib/gcc/arm-none-eabi/4.9.3/../../../arm-none-eabi/lib/armv7-m/libc.a(lib_a-memcpy.o)
                0x000000000000b34c                memcpy
 .text.strlen   0x000000000000b438       0x5c /usr/lib/gcc/arm-none-eabi/4.9.3/../../../arm-none-eabi/lib/armv7-m/libc.a(lib_a-strlen.o)
                0x000000000000b438                strlen
 *(.rodata .rodata.* .gnu.linkonce.r.*)
 .rodata.str1.4
                0x000000000000b494        0x4 /usr/lib/gcc/arm-none-eabi/4.9.3/../../../arm-none-eabi/lib/armv7-m/libc.a(lib_a-impure.o)
 .rodata._global_impure_ptr
                0x000000000000b498        0x4 /usr/lib/gcc/arm-none-eabi/4.9.3/../../../arm-none-eabi/lib/armv7-m/libc.a(lib_a-impure.o)
                0x000000000000b498                _global_impure_ptr
 .rodata        0x000000000000b49c      0x91e bluetooth_rxtx.o
                0x000000000000bd18                compile_info
 *fill*         0x000000000000bdba        0x2 
 .rodata        0x000000000000bdbc       0x1e bluetooth.o
 *fill*         0x000000000000bdda        0x2 
 .rodata        0x000000000000bddc       0xeb ubertooth_usb.o
                0x000000000000bddc                abDescriptors
 *fill*         0x000000000000bec7        0x1 
 .rodata        0x000000000000bec8       0x4c ego.o
 .rodata        0x000000000000bf14       0x28 ../common/lpcusb/target/usbstdreq.o
 *(.eh_frame_hdr)
 *(.eh_frame)
 .eh_frame      0x000000000000bf3c        0x0 /usr/lib/gcc/arm-none-eabi/4.9.3/armv7-m/crtbegin.o
                0x000000000000bf3c                . = ALIGN (0x4)
 *(.init)
 .init          0x000000000000bf3c        0x4 /usr/lib/gcc/arm-none-eabi/4.9.3/armv7-m/crti.o
                0x000000000000bf3c                _init
 .init          0x000000000000bf40        0x8 /usr/lib/gcc/arm-none-eabi/4.9.3/armv7-m/crtn.o
                0x000000000000bf48                . = ALIGN (0x4)
                0x000000000000bf48                __preinit_array_start = .
 *(.preinit_array)
                0x000000000000bf48                __preinit_array_end = .
                0x000000000000bf48                . = ALIGN (0x4)
                0x000000000000bf48                __init_array_start = .
 *(SORT(.init_array.*))
 .init_array.00000
                0x000000000000bf48        0x4 /usr/lib/gcc/arm-none-eabi/4.9.3/../../../arm-none-eabi/lib/armv7-m/libc.a(lib_a-__call_atexit.o)
 *(.init_array)
 .init_array    0x000000000000bf4c        0x4 /usr/lib/gcc/arm-none-eabi/4.9.3/armv7-m/crtbegin.o
                0x000000000000bf50                __init_array_end = .
                0x000000000000bf50                . = ALIGN (0x4)
 *crtbegin.o(.ctors)
 *(EXCLUDE_FILE(*crtend.o) .ctors)
 *(SORT(.ctors.*))
 *crtend.o(.ctors)
                0x000000000000bf50                . = ALIGN (0x4)
 *(.fini)
 .fini          0x000000000000bf50        0x4 /usr/lib/gcc/arm-none-eabi/4.9.3/armv7-m/crti.o
                0x000000000000bf50                _fini
 .fini          0x000000000000bf54        0x8 /usr/lib/gcc/arm-none-eabi/4.9.3/armv7-m/crtn.o
                0x000000000000bf5c                . = ALIGN (0x4)
                0x000000000000bf5c                __fini_array_start = .
 *(.fini_array)
 .fini_array    0x000000000000bf5c        0x4 /usr/lib/gcc/arm-none-eabi/4.9.3/armv7-m/crtbegin.o
 *(SORT(.fini_array.*))
                0x000000000000bf60                __fini_array_end = .
 *crtbegin.o(.dtors)
 *(EXCLUDE_FILE(*crtend.o) .dtors)
 *(SORT(.dtors.*))
 *crtend.o(.dtors)
                0x000000000000bf60                . = ALIGN (0x8)
                0x000000000000bf60                _etext = .

.glue_7         0x000000000000bf60        0x0
 .glue_7        0x000000000000bf60        0x0 linker stubs

.glue_7t        0x000000000000bf60        0x0
 .glue_7t       0x000000000000bf60        0x0 linker stubs

.vfp11_veneer   0x000000000000bf60        0x0
 .vfp11_veneer  0x000000000000bf60        0x0 linker stubs

.v4_bx          0x000000000000bf60        0x0
 .v4_bx         0x000000000000bf60        0x0 linker stubs

.iplt           0x000000000000bf60        0x0
 .iplt          0x000000000000bf60        0x0 /usr/lib/gcc/arm-none-eabi/4.9.3/armv7-m/crtbegin.o

.rel.dyn        0x000000000000bf60        0x0
 .rel.iplt      0x000000000000bf60        0x0 /usr/lib/gcc/arm-none-eabi/4.9.3/armv7-m/crtbegin.o

.ARM.extab
 *(.ARM.extab* .gnu.linkonce.armextab.*)
                0x000000000000bf60                __exidx_start = .

.ARM.exidx
 *(.ARM.exidx* .gnu.linkonce.armexidx.*)
                0x000000000000bf60                __exidx_end = .
                0x000000000000bf60                _etext = .

.persistent     0x0000000010000000       0x20
                0x0000000010000000                _persistent_start = .
                0x0000000010000020                . = (. + 0x20)
 *fill*         0x0000000010000000       0x20 
                0x0000000010000020                _persistent_end = .
                0x000000001000001c                bootloader_ctrl = (_persistent_start + 0x1c)

.data           0x0000000010000020      0x93e load address 0x000000000000bf60
                0x0000000010000020                _data = .
 *(vtable)
 *(.data*)
 .data.impure_data
                0x0000000010000020      0x428 /usr/lib/gcc/arm-none-eabi/4.9.3/../../../arm-none-eabi/lib/armv7-m/libc.a(lib_a-impure.o)
 .data          0x0000000010000448       0x5b bluetooth_rxtx.o
                0x000000001000044c                cs_threshold_req
                0x000000001000044d                cs_threshold_cur
                0x0000000010000450                active_rxbuf
                0x0000000010000454                idle_rxbuf
                0x0000000010000458                le
                0x000000001000049c                channel
                0x000000001000049e                low_freq
                0x00000000100004a0                high_freq
                0x00000000100004a2                rssi_threshold
 *fill*         0x00000000100004a3        0x1 
 .data          0x00000000100004a4      0x404 bluetooth_le.o
                0x00000000100004a8                btle_crc_lut
 .data          0x00000000100008a8        0x4 cc2400_rangetest.o
 .data          0x00000000100008ac        0xc ego.o
                0x00000000100008b0                channels
 .data          0x00000000100008b8       0xa6 ../common/lpcusb/target/usbstdreq.o
                0x000000001000095e                _edata = .

.jcr            0x0000000010000960        0x0 load address 0x000000000000c89e
 .jcr           0x0000000010000960        0x0 /usr/lib/gcc/arm-none-eabi/4.9.3/armv7-m/crtbegin.o

.tm_clone_table
                0x0000000010000960        0x0 load address 0x000000000000c89e
 .tm_clone_table
                0x0000000010000960        0x0 /usr/lib/gcc/arm-none-eabi/4.9.3/armv7-m/crtbegin.o
 .tm_clone_table
                0x0000000010000960        0x0 /usr/lib/gcc/arm-none-eabi/4.9.3/armv7-m/crtend.o

.igot.plt       0x0000000010000960        0x0 load address 0x000000000000c89e
 .igot.plt      0x0000000010000960        0x0 /usr/lib/gcc/arm-none-eabi/4.9.3/armv7-m/crtbegin.o

.bss            0x0000000010000960     0x2960 load address 0x000000000000c89e
                0x0000000010000960                _bss = .
                0x0000000010000960                __bss_start__ = .
 *(.bss*)
 .bss           0x0000000010000960       0x1c /usr/lib/gcc/arm-none-eabi/4.9.3/armv7-m/crtbegin.o
 .bss           0x000000001000097c       0xe0 bluetooth_rxtx.o
                0x000000001000097c                hop_mode
                0x000000001000097d                do_hop
                0x000000001000097e                cs_no_squelch
                0x0000000010000980                hop_direct_channel
                0x0000000010000984                clock_trim
                0x0000000010000988                idle_buf_channel
                0x000000001000098a                active_buf_channel
                0x000000001000098c                slave_mac_address
                0x0000000010000994                le_jam_count
                0x0000000010000998                data_cb
                0x000000001000099c                packet_cb
                0x00000000100009a0                rssi_iir
                0x0000000010000a3e                mode
                0x0000000010000a3f                requested_mode
                0x0000000010000a40                jam_mode
                0x0000000010000a41                ego_mode
                0x0000000010000a42                modulation
                0x0000000010000a44                requested_channel
                0x0000000010000a46                saved_request
                0x0000000010000a48                status
                0x0000000010000a49                rssi_count
                0x0000000010000a4c                rssi_sum
 .bss           0x0000000010000a5c        0xc ubertooth_usb.o
                0x0000000010000a5c                head
                0x0000000010000a60                tail
                0x0000000010000a64                last_usb_pkt
 .bss           0x0000000010000a68        0x4 ../common/ubertooth.o
 .bss           0x0000000010000a6c       0x34 ../common/lpcusb/target/usbcontrol.o
 .bss           0x0000000010000aa0        0x8 ../common/lpcusb/target/usbinit.o
 .bss           0x0000000010000aa8       0x48 ../common/lpcusb/target/usbhw_lpc.o
 .bss           0x0000000010000af0        0xd ../common/lpcusb/target/usbstdreq.o
 *(COMMON)
 *fill*         0x0000000010000afd        0x3 
 COMMON         0x0000000010000b00      0x610 bluetooth_rxtx.o
                0x0000000010000b00                rx_tc
                0x0000000010000b04                rssi_max
                0x0000000010000b08                le_dma_lli
                0x0000000010000bb8                rssi_sample
                0x0000000010000c00                rssi_min
                0x0000000010000c04                afh_map
                0x0000000010000c10                idle_buf_clk100ns
                0x0000000010000c14                rx_dma_lli2
                0x0000000010000c24                cs_timestamp
                0x0000000010000c28                keepalive_trigger
                0x0000000010000c2c                clkn
                0x0000000010000c30                active_buf_clkn_high
                0x0000000010000c34                le_promisc
                0x0000000010000d40                syncword
                0x0000000010000d48                unpacked
                0x0000000010001068                active_buf_clk100ns
                0x000000001000106c                afh_enabled
                0x000000001000106d                rssi_avg
                0x0000000010001070                idle_buf_clkn_high
                0x0000000010001074                rxbuf2
                0x00000000100010a8                rx_dma_lli1
                0x00000000100010b8                rr
                0x00000000100010c0                rxbuf1
                0x00000000100010f4                rx_err
                0x00000000100010f8                cs_trigger
                0x0000000010001100                target
 COMMON         0x0000000010001110       0xa8 bluetooth.o
                0x0000000010001110                b
                0x0000000010001111                used_channels
                0x0000000010001112                d1
                0x0000000010001114                afh_bank
                0x0000000010001163                a1
                0x0000000010001164                c1
                0x0000000010001168                bank
                0x00000000100011b7                e
 COMMON         0x00000000100011b8     0x2108 ubertooth_usb.o
                0x00000000100011b8                fifo
                0x00000000100031b8                abVendorReqData
                0x00000000100032bc                v_req_handler
                0x00000000100032c0                _ebss = .
                0x00000000100032c0                __bss_end__ = .

.cr_heap        0x00000000100032c0        0x0 load address 0x000000000000c89e
                0x00000000100032c0                end = .
                0x00000000100032c0                __end__ = .
                0x00000000100032c0                _pvHeapStart = .
                0x0000000010003fe0                _StackTop = ((ORIGIN (ram) + LENGTH (ram)) - 0x20)
OUTPUT(bluetooth_rxtx.elf elf32-littlearm)

.ARM.attributes
                0x0000000000000000       0x29
 .ARM.attributes
                0x0000000000000000       0x1d /usr/lib/gcc/arm-none-eabi/4.9.3/armv7-m/crti.o
 .ARM.attributes
                0x000000000000001d       0x2d /usr/lib/gcc/arm-none-eabi/4.9.3/armv7-m/crtbegin.o
 .ARM.attributes
                0x000000000000004a       0x2d /usr/lib/gcc/arm-none-eabi/4.9.3/../../../arm-none-eabi/lib/armv7-m/libc.a(lib_a-atexit.o)
 .ARM.attributes
                0x0000000000000077       0x2d /usr/lib/gcc/arm-none-eabi/4.9.3/../../../arm-none-eabi/lib/armv7-m/libc.a(lib_a-fini.o)
 .ARM.attributes
                0x00000000000000a4       0x2d /usr/lib/gcc/arm-none-eabi/4.9.3/../../../arm-none-eabi/lib/armv7-m/libc.a(lib_a-impure.o)
 .ARM.attributes
                0x00000000000000d1       0x2d /usr/lib/gcc/arm-none-eabi/4.9.3/../../../arm-none-eabi/lib/armv7-m/libc.a(lib_a-init.o)
 .ARM.attributes
                0x00000000000000fe       0x2d /usr/lib/gcc/arm-none-eabi/4.9.3/../../../arm-none-eabi/lib/armv7-m/libc.a(lib_a-memset.o)
 .ARM.attributes
                0x000000000000012b       0x2d /usr/lib/gcc/arm-none-eabi/4.9.3/../../../arm-none-eabi/lib/armv7-m/libc.a(lib_a-__atexit.o)
 .ARM.attributes
                0x0000000000000158       0x2d /usr/lib/gcc/arm-none-eabi/4.9.3/../../../arm-none-eabi/lib/armv7-m/libc.a(lib_a-__call_atexit.o)
 .ARM.attributes
                0x0000000000000185       0x33 bluetooth_rxtx.o
 .ARM.attributes
                0x00000000000001b8       0x33 bluetooth.o
 .ARM.attributes
                0x00000000000001eb       0x33 bluetooth_le.o
 .ARM.attributes
                0x000000000000021e       0x33 ubertooth_usb.o
 .ARM.attributes
                0x0000000000000251       0x33 cc2400_rangetest.o
 .ARM.attributes
                0x0000000000000284       0x33 ego.o
 .ARM.attributes
                0x00000000000002b7       0x33 ../common/usb_serial.o
 .ARM.attributes
                0x00000000000002ea       0x33 ../common/LPC17xx_Startup.o
 .ARM.attributes
                0x000000000000031d       0x33 ../common/LPC17xx_Interrupts.o
 .ARM.attributes
                0x0000000000000350       0x33 ../common/ubertooth.o
 .ARM.attributes
                0x0000000000000383       0x33 ../common/lpcusb/target/usbcontrol.o
 .ARM.attributes
                0x00000000000003b6       0x33 ../common/lpcusb/target/usbinit.o
 .ARM.attributes
                0x00000000000003e9       0x33 ../common/lpcusb/target/usbhw_lpc.o
 .ARM.attributes
                0x000000000000041c       0x33 ../common/lpcusb/target/usbstdreq.o
 .ARM.attributes
                0x000000000000044f       0x2d /usr/lib/gcc/arm-none-eabi/4.9.3/../../../arm-none-eabi/lib/armv7-m/libc.a(lib_a-memcmp.o)
 .ARM.attributes
                0x000000000000047c       0x1b /usr/lib/gcc/arm-none-eabi/4.9.3/../../../arm-none-eabi/lib/armv7-m/libc.a(lib_a-memcpy.o)
 .ARM.attributes
                0x0000000000000497       0x2d /usr/lib/gcc/arm-none-eabi/4.9.3/../../../arm-none-eabi/lib/armv7-m/libc.a(lib_a-strlen.o)
 .ARM.attributes
                0x00000000000004c4       0x2d /usr/lib/gcc/arm-none-eabi/4.9.3/armv7-m/crtend.o
 .ARM.attributes
                0x00000000000004f1       0x1d /usr/lib/gcc/arm-none-eabi/4.9.3/armv7-m/crtn.o

.comment        0x0000000000000000       0x70
 .comment       0x0000000000000000       0x38 /usr/lib/gcc/arm-none-eabi/4.9.3/armv7-m/crtbegin.o
                                         0x39 (size before relaxing)
 .comment       0x0000000000000038       0x38 /usr/lib/gcc/arm-none-eabi/4.9.3/../../../arm-none-eabi/lib/armv7-m/libc.a(lib_a-atexit.o)
                                         0x39 (size before relaxing)
 .comment       0x0000000000000070       0x39 /usr/lib/gcc/arm-none-eabi/4.9.3/../../../arm-none-eabi/lib/armv7-m/libc.a(lib_a-fini.o)
 .comment       0x0000000000000070       0x39 /usr/lib/gcc/arm-none-eabi/4.9.3/../../../arm-none-eabi/lib/armv7-m/libc.a(lib_a-impure.o)
 .comment       0x0000000000000070       0x39 /usr/lib/gcc/arm-none-eabi/4.9.3/../../../arm-none-eabi/lib/armv7-m/libc.a(lib_a-init.o)
 .comment       0x0000000000000070       0x39 /usr/lib/gcc/arm-none-eabi/4.9.3/../../../arm-none-eabi/lib/armv7-m/libc.a(lib_a-memset.o)
 .comment       0x0000000000000070       0x39 /usr/lib/gcc/arm-none-eabi/4.9.3/../../../arm-none-eabi/lib/armv7-m/libc.a(lib_a-__atexit.o)
 .comment       0x0000000000000070       0x39 /usr/lib/gcc/arm-none-eabi/4.9.3/../../../arm-none-eabi/lib/armv7-m/libc.a(lib_a-__call_atexit.o)
 .comment       0x0000000000000070       0x39 bluetooth_rxtx.o
 .comment       0x0000000000000070       0x39 bluetooth.o
 .comment       0x0000000000000070       0x39 bluetooth_le.o
 .comment       0x0000000000000070       0x39 ubertooth_usb.o
 .comment       0x0000000000000070       0x39 cc2400_rangetest.o
 .comment       0x0000000000000070       0x39 ego.o
 .comment       0x0000000000000070       0x39 ../common/usb_serial.o
 .comment       0x0000000000000070       0x39 ../common/LPC17xx_Startup.o
 .comment       0x0000000000000070       0x39 ../common/LPC17xx_Interrupts.o
 .comment       0x0000000000000070       0x39 ../common/ubertooth.o
 .comment       0x0000000000000070       0x39 ../common/lpcusb/target/usbcontrol.o
 .comment       0x0000000000000070       0x39 ../common/lpcusb/target/usbinit.o
 .comment       0x0000000000000070       0x39 ../common/lpcusb/target/usbhw_lpc.o
 .comment       0x0000000000000070       0x39 ../common/lpcusb/target/usbstdreq.o
 .comment       0x0000000000000070       0x39 /usr/lib/gcc/arm-none-eabi/4.9.3/../../../arm-none-eabi/lib/armv7-m/libc.a(lib_a-memcmp.o)
 .comment       0x0000000000000070       0x39 /usr/lib/gcc/arm-none-eabi/4.9.3/../../../arm-none-eabi/lib/armv7-m/libc.a(lib_a-strlen.o)
 .comment       0x0000000000000070       0x39 /usr/lib/gcc/arm-none-eabi/4.9.3/armv7-m/crtend.o

.debug_info     0x0000000000000000     0x72bc
 .debug_info    0x0000000000000000      0x10a /usr/lib/gcc/arm-none-eabi/4.9.3/../../../arm-none-eabi/lib/armv7-m/libc.a(lib_a-atexit.o)
 .debug_info    0x000000000000010a       0xef /usr/lib/gcc/arm-none-eabi/4.9.3/../../../arm-none-eabi/lib/armv7-m/libc.a(lib_a-fini.o)
 .debug_info    0x00000000000001f9      0x894 /usr/lib/gcc/arm-none-eabi/4.9.3/../../../arm-none-eabi/lib/armv7-m/libc.a(lib_a-impure.o)
 .debug_info    0x0000000000000a8d      0x105 /usr/lib/gcc/arm-none-eabi/4.9.3/../../../arm-none-eabi/lib/armv7-m/libc.a(lib_a-init.o)
 .debug_info    0x0000000000000b92      0x117 /usr/lib/gcc/arm-none-eabi/4.9.3/../../../arm-none-eabi/lib/armv7-m/libc.a(lib_a-memset.o)
 .debug_info    0x0000000000000ca9      0x934 /usr/lib/gcc/arm-none-eabi/4.9.3/../../../arm-none-eabi/lib/armv7-m/libc.a(lib_a-__atexit.o)
 .debug_info    0x00000000000015dd      0x9a9 /usr/lib/gcc/arm-none-eabi/4.9.3/../../../arm-none-eabi/lib/armv7-m/libc.a(lib_a-__call_atexit.o)
 .debug_info    0x0000000000001f86     0x1be4 bluetooth_rxtx.o
 .debug_info    0x0000000000003b6a      0x449 bluetooth.o
 .debug_info    0x0000000000003fb3      0x5c3 bluetooth_le.o
 .debug_info    0x0000000000004576      0x4dd ubertooth_usb.o
 .debug_info    0x0000000000004a53      0x2ec cc2400_rangetest.o
 .debug_info    0x0000000000004d3f      0x679 ego.o
 .debug_info    0x00000000000053b8      0x497 ../common/usb_serial.o
 .debug_info    0x000000000000584f       0xf1 ../common/LPC17xx_Startup.o
 .debug_info    0x0000000000005940       0x7d ../common/LPC17xx_Interrupts.o
 .debug_info    0x00000000000059bd      0x4dd ../common/ubertooth.o
 .debug_info    0x0000000000005e9a      0x2e8 ../common/lpcusb/target/usbcontrol.o
 .debug_info    0x0000000000006182       0xb8 ../common/lpcusb/target/usbinit.o
 .debug_info    0x000000000000623a      0x840 ../common/lpcusb/target/usbhw_lpc.o
 .debug_info    0x0000000000006a7a      0x5ad ../common/lpcusb/target/usbstdreq.o
 .debug_info    0x0000000000007027      0x113 /usr/lib/gcc/arm-none-eabi/4.9.3/../../../arm-none-eabi/lib/armv7-m/libc.a(lib_a-memcmp.o)
 .debug_info    0x000000000000713a       0xcd /usr/lib/gcc/arm-none-eabi/4.9.3/../../../arm-none-eabi/lib/armv7-m/libc.a(lib_a-memcpy.o)
 .debug_info    0x0000000000007207       0xb5 /usr/lib/gcc/arm-none-eabi/4.9.3/../../../arm-none-eabi/lib/armv7-m/libc.a(lib_a-strlen.o)

.debug_abbrev   0x0000000000000000     0x1efc
 .debug_abbrev  0x0000000000000000       0xb8 /usr/lib/gcc/arm-none-eabi/4.9.3/../../../arm-none-eabi/lib/armv7-m/libc.a(lib_a-atexit.o)
 .debug_abbrev  0x00000000000000b8       0xbd /usr/lib/gcc/arm-none-eabi/4.9.3/../../../arm-none-eabi/lib/armv7-m/libc.a(lib_a-fini.o)
 .debug_abbrev  0x0000000000000175      0x180 /usr/lib/gcc/arm-none-eabi/4.9.3/../../../arm-none-eabi/lib/armv7-m/libc.a(lib_a-impure.o)
 .debug_abbrev  0x00000000000002f5       0xba /usr/lib/gcc/arm-none-eabi/4.9.3/../../../arm-none-eabi/lib/armv7-m/libc.a(lib_a-init.o)
 .debug_abbrev  0x00000000000003af       0x9f /usr/lib/gcc/arm-none-eabi/4.9.3/../../../arm-none-eabi/lib/armv7-m/libc.a(lib_a-memset.o)
 .debug_abbrev  0x000000000000044e      0x20f /usr/lib/gcc/arm-none-eabi/4.9.3/../../../arm-none-eabi/lib/armv7-m/libc.a(lib_a-__atexit.o)
 .debug_abbrev  0x000000000000065d      0x285 /usr/lib/gcc/arm-none-eabi/4.9.3/../../../arm-none-eabi/lib/armv7-m/libc.a(lib_a-__call_atexit.o)
 .debug_abbrev  0x00000000000008e2      0x40c bluetooth_rxtx.o
 .debug_abbrev  0x0000000000000cee      0x12e bluetooth.o
 .debug_abbrev  0x0000000000000e1c      0x132 bluetooth_le.o
 .debug_abbrev  0x0000000000000f4e      0x1cc ubertooth_usb.o
 .debug_abbrev  0x000000000000111a       0xfe cc2400_rangetest.o
 .debug_abbrev  0x0000000000001218      0x1e4 ego.o
 .debug_abbrev  0x00000000000013fc      0x1a7 ../common/usb_serial.o
 .debug_abbrev  0x00000000000015a3       0x89 ../common/LPC17xx_Startup.o
 .debug_abbrev  0x000000000000162c       0x80 ../common/LPC17xx_Interrupts.o
 .debug_abbrev  0x00000000000016ac      0x1de ../common/ubertooth.o
 .debug_abbrev  0x000000000000188a      0x138 ../common/lpcusb/target/usbcontrol.o
 .debug_abbrev  0x00000000000019c2       0xa6 ../common/lpcusb/target/usbinit.o
 .debug_abbrev  0x0000000000001a68      0x1fa ../common/lpcusb/target/usbhw_lpc.o
 .debug_abbrev  0x0000000000001c62      0x197 ../common/lpcusb/target/usbstdreq.o
 .debug_abbrev  0x0000000000001df9       0x7f /usr/lib/gcc/arm-none-eabi/4.9.3/../../../arm-none-eabi/lib/armv7-m/libc.a(lib_a-memcmp.o)
 .debug_abbrev  0x0000000000001e78       0x14 /usr/lib/gcc/arm-none-eabi/4.9.3/../../../arm-none-eabi/lib/armv7-m/libc.a(lib_a-memcpy.o)
 .debug_abbrev  0x0000000000001e8c       0x70 /usr/lib/gcc/arm-none-eabi/4.9.3/../../../arm-none-eabi/lib/armv7-m/libc.a(lib_a-strlen.o)

.debug_loc      0x0000000000000000      0x730
 .debug_loc     0x0000000000000000       0x2c /usr/lib/gcc/arm-none-eabi/4.9.3/../../../arm-none-eabi/lib/armv7-m/libc.a(lib_a-atexit.o)
 .debug_loc     0x000000000000002c       0x5c /usr/lib/gcc/arm-none-eabi/4.9.3/../../../arm-none-eabi/lib/armv7-m/libc.a(lib_a-fini.o)
 .debug_loc     0x0000000000000088       0xae /usr/lib/gcc/arm-none-eabi/4.9.3/../../../arm-none-eabi/lib/armv7-m/libc.a(lib_a-init.o)
 .debug_loc     0x0000000000000136      0x1ae /usr/lib/gcc/arm-none-eabi/4.9.3/../../../arm-none-eabi/lib/armv7-m/libc.a(lib_a-memset.o)
 .debug_loc     0x00000000000002e4      0x197 /usr/lib/gcc/arm-none-eabi/4.9.3/../../../arm-none-eabi/lib/armv7-m/libc.a(lib_a-__atexit.o)
 .debug_loc     0x000000000000047b      0x146 /usr/lib/gcc/arm-none-eabi/4.9.3/../../../arm-none-eabi/lib/armv7-m/libc.a(lib_a-__call_atexit.o)
 .debug_loc     0x00000000000005c1      0x14e /usr/lib/gcc/arm-none-eabi/4.9.3/../../../arm-none-eabi/lib/armv7-m/libc.a(lib_a-memcmp.o)
 .debug_loc     0x000000000000070f       0x21 /usr/lib/gcc/arm-none-eabi/4.9.3/../../../arm-none-eabi/lib/armv7-m/libc.a(lib_a-strlen.o)

.debug_aranges  0x0000000000000000      0x810
 .debug_aranges
                0x0000000000000000       0x20 /usr/lib/gcc/arm-none-eabi/4.9.3/../../../arm-none-eabi/lib/armv7-m/libc.a(lib_a-atexit.o)
 .debug_aranges
                0x0000000000000020       0x20 /usr/lib/gcc/arm-none-eabi/4.9.3/../../../arm-none-eabi/lib/armv7-m/libc.a(lib_a-fini.o)
 .debug_aranges
                0x0000000000000040       0x18 /usr/lib/gcc/arm-none-eabi/4.9.3/../../../arm-none-eabi/lib/armv7-m/libc.a(lib_a-impure.o)
 .debug_aranges
                0x0000000000000058       0x20 /usr/lib/gcc/arm-none-eabi/4.9.3/../../../arm-none-eabi/lib/armv7-m/libc.a(lib_a-init.o)
 .debug_aranges
                0x0000000000000078       0x20 /usr/lib/gcc/arm-none-eabi/4.9.3/../../../arm-none-eabi/lib/armv7-m/libc.a(lib_a-memset.o)
 .debug_aranges
                0x0000000000000098       0x20 /usr/lib/gcc/arm-none-eabi/4.9.3/../../../arm-none-eabi/lib/armv7-m/libc.a(lib_a-__atexit.o)
 .debug_aranges
                0x00000000000000b8       0x28 /usr/lib/gcc/arm-none-eabi/4.9.3/../../../arm-none-eabi/lib/armv7-m/libc.a(lib_a-__call_atexit.o)
 .debug_aranges
                0x00000000000000e0      0x1a0 bluetooth_rxtx.o
 .debug_aranges
                0x0000000000000280       0x40 bluetooth.o
 .debug_aranges
                0x00000000000002c0       0x48 bluetooth_le.o
 .debug_aranges
                0x0000000000000308       0x50 ubertooth_usb.o
 .debug_aranges
                0x0000000000000358       0x30 cc2400_rangetest.o
 .debug_aranges
                0x0000000000000388       0xc8 ego.o
 .debug_aranges
                0x0000000000000450       0x70 ../common/usb_serial.o
 .debug_aranges
                0x00000000000004c0       0x20 ../common/LPC17xx_Startup.o
 .debug_aranges
                0x00000000000004e0       0x20 ../common/LPC17xx_Interrupts.o
 .debug_aranges
                0x0000000000000500       0xe0 ../common/ubertooth.o
 .debug_aranges
                0x00000000000005e0       0x40 ../common/lpcusb/target/usbcontrol.o
 .debug_aranges
                0x0000000000000620       0x28 ../common/lpcusb/target/usbinit.o
 .debug_aranges
                0x0000000000000648       0xf8 ../common/lpcusb/target/usbhw_lpc.o
 .debug_aranges
                0x0000000000000740       0x70 ../common/lpcusb/target/usbstdreq.o
 .debug_aranges
                0x00000000000007b0       0x20 /usr/lib/gcc/arm-none-eabi/4.9.3/../../../arm-none-eabi/lib/armv7-m/libc.a(lib_a-memcmp.o)
 .debug_aranges
                0x00000000000007d0       0x20 /usr/lib/gcc/arm-none-eabi/4.9.3/../../../arm-none-eabi/lib/armv7-m/libc.a(lib_a-memcpy.o)
 .debug_aranges
                0x00000000000007f0       0x20 /usr/lib/gcc/arm-none-eabi/4.9.3/../../../arm-none-eabi/lib/armv7-m/libc.a(lib_a-strlen.o)

.debug_ranges   0x0000000000000000      0x690
 .debug_ranges  0x0000000000000000       0x10 /usr/lib/gcc/arm-none-eabi/4.9.3/../../../arm-none-eabi/lib/armv7-m/libc.a(lib_a-atexit.o)
 .debug_ranges  0x0000000000000010       0x10 /usr/lib/gcc/arm-none-eabi/4.9.3/../../../arm-none-eabi/lib/armv7-m/libc.a(lib_a-fini.o)
 .debug_ranges  0x0000000000000020       0x10 /usr/lib/gcc/arm-none-eabi/4.9.3/../../../arm-none-eabi/lib/armv7-m/libc.a(lib_a-init.o)
 .debug_ranges  0x0000000000000030       0x10 /usr/lib/gcc/arm-none-eabi/4.9.3/../../../arm-none-eabi/lib/armv7-m/libc.a(lib_a-memset.o)
 .debug_ranges  0x0000000000000040       0x10 /usr/lib/gcc/arm-none-eabi/4.9.3/../../../arm-none-eabi/lib/armv7-m/libc.a(lib_a-__atexit.o)
 .debug_ranges  0x0000000000000050       0x30 /usr/lib/gcc/arm-none-eabi/4.9.3/../../../arm-none-eabi/lib/armv7-m/libc.a(lib_a-__call_atexit.o)
 .debug_ranges  0x0000000000000080      0x190 bluetooth_rxtx.o
 .debug_ranges  0x0000000000000210       0x30 bluetooth.o
 .debug_ranges  0x0000000000000240       0x38 bluetooth_le.o
 .debug_ranges  0x0000000000000278       0x40 ubertooth_usb.o
 .debug_ranges  0x00000000000002b8       0x20 cc2400_rangetest.o
 .debug_ranges  0x00000000000002d8       0xb8 ego.o
 .debug_ranges  0x0000000000000390       0x60 ../common/usb_serial.o
 .debug_ranges  0x00000000000003f0       0x10 ../common/LPC17xx_Startup.o
 .debug_ranges  0x0000000000000400       0x10 ../common/LPC17xx_Interrupts.o
 .debug_ranges  0x0000000000000410       0xd0 ../common/ubertooth.o
 .debug_ranges  0x00000000000004e0       0x30 ../common/lpcusb/target/usbcontrol.o
 .debug_ranges  0x0000000000000510       0x18 ../common/lpcusb/target/usbinit.o
 .debug_ranges  0x0000000000000528       0xe8 ../common/lpcusb/target/usbhw_lpc.o
 .debug_ranges  0x0000000000000610       0x60 ../common/lpcusb/target/usbstdreq.o
 .debug_ranges  0x0000000000000670       0x10 /usr/lib/gcc/arm-none-eabi/4.9.3/../../../arm-none-eabi/lib/armv7-m/libc.a(lib_a-memcmp.o)
 .debug_ranges  0x0000000000000680       0x10 /usr/lib/gcc/arm-none-eabi/4.9.3/../../../arm-none-eabi/lib/armv7-m/libc.a(lib_a-strlen.o)

.debug_line     0x0000000000000000     0x317b
 .debug_line    0x0000000000000000       0xc1 /usr/lib/gcc/arm-none-eabi/4.9.3/../../../arm-none-eabi/lib/armv7-m/libc.a(lib_a-atexit.o)
 .debug_line    0x00000000000000c1       0x9c /usr/lib/gcc/arm-none-eabi/4.9.3/../../../arm-none-eabi/lib/armv7-m/libc.a(lib_a-fini.o)
 .debug_line    0x000000000000015d       0xf1 /usr/lib/gcc/arm-none-eabi/4.9.3/../../../arm-none-eabi/lib/armv7-m/libc.a(lib_a-impure.o)
 .debug_line    0x000000000000024e       0xb6 /usr/lib/gcc/arm-none-eabi/4.9.3/../../../arm-none-eabi/lib/armv7-m/libc.a(lib_a-init.o)
 .debug_line    0x0000000000000304      0x119 /usr/lib/gcc/arm-none-eabi/4.9.3/../../../arm-none-eabi/lib/armv7-m/libc.a(lib_a-memset.o)
 .debug_line    0x000000000000041d      0x19c /usr/lib/gcc/arm-none-eabi/4.9.3/../../../arm-none-eabi/lib/armv7-m/libc.a(lib_a-__atexit.o)
 .debug_line    0x00000000000005b9      0x1c5 /usr/lib/gcc/arm-none-eabi/4.9.3/../../../arm-none-eabi/lib/armv7-m/libc.a(lib_a-__call_atexit.o)
 .debug_line    0x000000000000077e      0xe57 bluetooth_rxtx.o
 .debug_line    0x00000000000015d5      0x229 bluetooth.o
 .debug_line    0x00000000000017fe      0x188 bluetooth_le.o
 .debug_line    0x0000000000001986      0x1a1 ubertooth_usb.o
 .debug_line    0x0000000000001b27      0x2c2 cc2400_rangetest.o
 .debug_line    0x0000000000001de9      0x313 ego.o
 .debug_line    0x00000000000020fc      0x1f9 ../common/usb_serial.o
 .debug_line    0x00000000000022f5       0x98 ../common/LPC17xx_Startup.o
 .debug_line    0x000000000000238d       0x53 ../common/LPC17xx_Interrupts.o
 .debug_line    0x00000000000023e0      0x3b5 ../common/ubertooth.o
 .debug_line    0x0000000000002795      0x105 ../common/lpcusb/target/usbcontrol.o
 .debug_line    0x000000000000289a       0x74 ../common/lpcusb/target/usbinit.o
 .debug_line    0x000000000000290e      0x3c1 ../common/lpcusb/target/usbhw_lpc.o
 .debug_line    0x0000000000002ccf      0x1f1 ../common/lpcusb/target/usbstdreq.o
 .debug_line    0x0000000000002ec0      0x10e /usr/lib/gcc/arm-none-eabi/4.9.3/../../../arm-none-eabi/lib/armv7-m/libc.a(lib_a-memcmp.o)
 .debug_line    0x0000000000002fce       0xbb /usr/lib/gcc/arm-none-eabi/4.9.3/../../../arm-none-eabi/lib/armv7-m/libc.a(lib_a-memcpy.o)
 .debug_line    0x0000000000003089       0xf2 /usr/lib/gcc/arm-none-eabi/4.9.3/../../../arm-none-eabi/lib/armv7-m/libc.a(lib_a-strlen.o)

.debug_str      0x0000000000000000     0x2afd
 .debug_str     0x0000000000000000      0x1b8 /usr/lib/gcc/arm-none-eabi/4.9.3/../../../arm-none-eabi/lib/armv7-m/libc.a(lib_a-atexit.o)
                                        0x1f8 (size before relaxing)
 .debug_str     0x00000000000001b8       0xca /usr/lib/gcc/arm-none-eabi/4.9.3/../../../arm-none-eabi/lib/armv7-m/libc.a(lib_a-fini.o)
                                        0x1f0 (size before relaxing)
 .debug_str     0x0000000000000282      0x425 /usr/lib/gcc/arm-none-eabi/4.9.3/../../../arm-none-eabi/lib/armv7-m/libc.a(lib_a-impure.o)
                                        0x58c (size before relaxing)
 .debug_str     0x00000000000006a7       0x8a /usr/lib/gcc/arm-none-eabi/4.9.3/../../../arm-none-eabi/lib/armv7-m/libc.a(lib_a-init.o)
                                        0x21a (size before relaxing)
 .debug_str     0x0000000000000731       0xae /usr/lib/gcc/arm-none-eabi/4.9.3/../../../arm-none-eabi/lib/armv7-m/libc.a(lib_a-memset.o)
                                        0x1cf (size before relaxing)
 .debug_str     0x00000000000007df       0x30 /usr/lib/gcc/arm-none-eabi/4.9.3/../../../arm-none-eabi/lib/armv7-m/libc.a(lib_a-__atexit.o)
                                        0x5d4 (size before relaxing)
 .debug_str     0x000000000000080f       0x81 /usr/lib/gcc/arm-none-eabi/4.9.3/../../../arm-none-eabi/lib/armv7-m/libc.a(lib_a-__call_atexit.o)
                                        0x5ec (size before relaxing)
 .debug_str     0x0000000000000890     0x119d bluetooth_rxtx.o
                                       0x1370 (size before relaxing)
 .debug_str     0x0000000000001a2d       0xae bluetooth.o
                                        0x316 (size before relaxing)
 .debug_str     0x0000000000001adb       0xb0 bluetooth_le.o
                                        0x4a1 (size before relaxing)
 .debug_str     0x0000000000001b8b      0x126 ubertooth_usb.o
                                        0x40f (size before relaxing)
 .debug_str     0x0000000000001cb1       0x53 cc2400_rangetest.o
                                        0x2f1 (size before relaxing)
 .debug_str     0x0000000000001d04      0x20e ego.o
                                        0x61a (size before relaxing)
 .debug_str     0x0000000000001f12      0x159 ../common/usb_serial.o
                                        0x3c6 (size before relaxing)
 .debug_str     0x000000000000206b       0x5b ../common/LPC17xx_Startup.o
                                        0x22e (size before relaxing)
 .debug_str     0x00000000000020c6       0x51 ../common/LPC17xx_Interrupts.o
                                        0x1a7 (size before relaxing)
 .debug_str     0x0000000000002117      0x149 ../common/ubertooth.o
                                        0x369 (size before relaxing)
 .debug_str     0x0000000000002260       0xe4 ../common/lpcusb/target/usbcontrol.o
                                        0x2c8 (size before relaxing)
 .debug_str     0x0000000000002344       0x46 ../common/lpcusb/target/usbinit.o
                                        0x1c8 (size before relaxing)
 .debug_str     0x000000000000238a      0x3ea ../common/lpcusb/target/usbhw_lpc.o
                                        0x5e5 (size before relaxing)
 .debug_str     0x0000000000002774      0x2ad ../common/lpcusb/target/usbstdreq.o
                                        0x49b (size before relaxing)
 .debug_str     0x0000000000002a21       0x35 /usr/lib/gcc/arm-none-eabi/4.9.3/../../../arm-none-eabi/lib/armv7-m/libc.a(lib_a-memcmp.o)
                                        0x1bb (size before relaxing)
 .debug_str     0x0000000000002a56       0xa7 /usr/lib/gcc/arm-none-eabi/4.9.3/../../../arm-none-eabi/lib/armv7-m/libc.a(lib_a-strlen.o)
                                        0x1c8 (size before relaxing)

.debug_frame    0x0000000000000000     0x1cc0
 .debug_frame   0x0000000000000000       0x20 /usr/lib/gcc/arm-none-eabi/4.9.3/../../../arm-none-eabi/lib/armv7-m/libc.a(lib_a-atexit.o)
 .debug_frame   0x0000000000000020       0x34 /usr/lib/gcc/arm-none-eabi/4.9.3/../../../arm-none-eabi/lib/armv7-m/libc.a(lib_a-fini.o)
 .debug_frame   0x0000000000000054       0x2c /usr/lib/gcc/arm-none-eabi/4.9.3/../../../arm-none-eabi/lib/armv7-m/libc.a(lib_a-init.o)
 .debug_frame   0x0000000000000080       0x34 /usr/lib/gcc/arm-none-eabi/4.9.3/../../../arm-none-eabi/lib/armv7-m/libc.a(lib_a-memset.o)
 .debug_frame   0x00000000000000b4       0x34 /usr/lib/gcc/arm-none-eabi/4.9.3/../../../arm-none-eabi/lib/armv7-m/libc.a(lib_a-__atexit.o)
 .debug_frame   0x00000000000000e8       0x50 /usr/lib/gcc/arm-none-eabi/4.9.3/../../../arm-none-eabi/lib/armv7-m/libc.a(lib_a-__call_atexit.o)
 .debug_frame   0x0000000000000138      0x74c bluetooth_rxtx.o
 .debug_frame   0x0000000000000884       0xe4 bluetooth.o
 .debug_frame   0x0000000000000968      0x100 bluetooth_le.o
 .debug_frame   0x0000000000000a68      0x124 ubertooth_usb.o
 .debug_frame   0x0000000000000b8c       0x9c cc2400_rangetest.o
 .debug_frame   0x0000000000000c28      0x350 ego.o
 .debug_frame   0x0000000000000f78      0x1a4 ../common/usb_serial.o
 .debug_frame   0x000000000000111c       0x30 ../common/LPC17xx_Startup.o
 .debug_frame   0x000000000000114c       0x2c ../common/LPC17xx_Interrupts.o
 .debug_frame   0x0000000000001178      0x398 ../common/ubertooth.o
 .debug_frame   0x0000000000001510       0xd8 ../common/lpcusb/target/usbcontrol.o
 .debug_frame   0x00000000000015e8       0x54 ../common/lpcusb/target/usbinit.o
 .debug_frame   0x000000000000163c      0x464 ../common/lpcusb/target/usbhw_lpc.o
 .debug_frame   0x0000000000001aa0      0x1c8 ../common/lpcusb/target/usbstdreq.o
 .debug_frame   0x0000000000001c68       0x38 /usr/lib/gcc/arm-none-eabi/4.9.3/../../../arm-none-eabi/lib/armv7-m/libc.a(lib_a-memcmp.o)
 .debug_frame   0x0000000000001ca0       0x20 /usr/lib/gcc/arm-none-eabi/4.9.3/../../../arm-none-eabi/lib/armv7-m/libc.a(lib_a-strlen.o)
